---
source: compiler/src/go_assembly/mod.rs
assertion_line: 201
expression: "GoAssemblyKind::Label(\"epi\".to_string())"

---
epi:
