---
source: compiler/src/go_assembly/mod.rs
assertion_line: 201
expression: "GoAssemblyKind::JLS(AsmOperand::Int(100))"

---
JLS	$100
