---
source: compiler/src/go_assembly/mod.rs
assertion_line: 178
expression: "RegisterWithOffset{register: SP, offset: 0,}"

---
SP
