---
source: compiler/src/go_assembly/mod.rs
assertion_line: 69
expression: "GoAssembly::new_goroutine_prologue()"

---

CMPQ	SP, 16(R14)
PCDATA $0, $-2
JLS	epi
body:
