---
source: compiler/src/go_assembly/mod.rs
assertion_line: 189
expression: "AsmOperand::Int(1)"

---
$1
