---
source: compiler/src/go_assembly/mod.rs
assertion_line: 178
expression: "RegisterWithOffset{register: AX, offset: 8,}"

---
8(AX)
