---
source: compiler/src/go_assembly/operand/mod.rs
assertion_line: 86
expression: operand!(16 => SP)

---
16(SP)
