---
source: compiler/src/go_assembly/directive/mod.rs
assertion_line: 208
expression: "PCDATA!(1, 2)"

---
PCDATA $1, $2
