---
source: compiler/src/go_assembly/directive/mod.rs
assertion_line: 211
expression: "SUBQ!(16 => AX, 1)"

---
SUBQ	16(AX), $1
