---
source: compiler/src/go_assembly/directive/mod.rs
assertion_line: 201
expression: "ADDQ!(16 => AX, 16 => SP)"

---
ADDQ	16(AX), 16(SP)
