---
source: compiler/src/go_assembly/directive/mod.rs
assertion_line: 121
expression: JMP!(33)

---
JMP	33
