---
source: compiler/src/go_assembly/directive/mod.rs
assertion_line: 201
expression: "ADDQ!(16 => AX, 1)"

---
ADDQ	16(AX), $1
