---
source: compiler/src/go_assembly/directive/mod.rs
assertion_line: 117
expression: directive!(NOP)

---
NOP
