---
source: compiler/src/go_assembly/directive/mod.rs
assertion_line: 118
expression: CALL!(main.run)

---
CALL    mainÂ·run(SB)
