---
source: compiler/src/go_assembly/directive/mod.rs
assertion_line: 179
expression: directive!(JMP 2)

---
JMP	2
