---
source: compiler/src/go_assembly/directive/mod.rs
assertion_line: 136
expression: JLS!(@ body)

---
Jls	body
