---
source: compiler/src/go_assembly/directive/mod.rs
assertion_line: 209
expression: "directive!(PCDATA 1, 2)"

---
PCDATA $1, $2
