---
source: compiler/src/go_assembly/directive/mod.rs
assertion_line: 181
expression: directive!(CALL main.run)

---
CALL    mainÂ·run(SB)
