---
source: compiler/src/go_assembly/directive/mod.rs
assertion_line: 201
expression: "ADDQ!(1, 16 => AX)"

---
ADDQ	$1, 16(AX)
